f:\xone_prj\xonekey\sources\xonekey\win32\xonekey\xonekey\release\xonekey32.pch
f:\xone_prj\xonekey\sources\xonekey\win32\xonekey\xonekey\release\vc143.pdb
f:\xone_prj\xonekey\sources\xonekey\win32\xonekey\xonekey\release\stdafx.obj
f:\xone_prj\xonekey\sources\xonekey\win32\xonekey\xonekey\release\networkhelper.obj
f:\xone_prj\xonekey\sources\xonekey\win32\xonekey\xonekey\release\performancelogger.obj
f:\xone_prj\xonekey\sources\xonekey\win32\xonekey\xonekey\release\applicationhealthmonitor.obj
f:\xone_prj\xonekey\sources\xonekey\win32\xonekey\xonekey\release\systemtrayhelper.obj
f:\xone_prj\xonekey\sources\xonekey\win32\xonekey\xonekey\release\xonekeymanager.obj
f:\xone_prj\xonekey\sources\xonekey\win32\xonekey\xonekey\release\xonekeyhelper.obj
f:\xone_prj\xonekey\sources\xonekey\win32\xonekey\xonekey\release\xonekey.obj
f:\xone_prj\xonekey\sources\xonekey\win32\xonekey\xonekey\release\toastnotification.obj
f:\xone_prj\xonekey\sources\xonekey\win32\xonekey\xonekey\release\maincontroldialog.obj
f:\xone_prj\xonekey\sources\xonekey\win32\xonekey\xonekey\release\main.obj
f:\xone_prj\xonekey\sources\xonekey\win32\xonekey\xonekey\release\macrodialog.obj
f:\xone_prj\xonekey\sources\xonekey\win32\xonekey\xonekey\release\converttooldialog.obj
f:\xone_prj\xonekey\sources\xonekey\win32\xonekey\xonekey\release\basedialog.obj
f:\xone_prj\xonekey\sources\xonekey\win32\xonekey\xonekey\release\appdelegate.obj
f:\xone_prj\xonekey\sources\xonekey\win32\xonekey\xonekey\release\aboutdialog.obj
f:\xone_prj\xonekey\sources\xonekey\win32\xonekey\xonekey\release\vietnamese.obj
f:\xone_prj\xonekey\sources\xonekey\win32\xonekey\xonekey\release\smartswitchkey.obj
f:\xone_prj\xonekey\sources\xonekey\win32\xonekey\xonekey\release\macro.obj
f:\xone_prj\xonekey\sources\xonekey\win32\xonekey\xonekey\release\engine.obj
f:\xone_prj\xonekey\sources\xonekey\win32\xonekey\xonekey\release\converttool.obj
f:\xone_prj\xonekey\sources\xonekey\win32\xonekey\release\xonekey32.exe
f:\xone_prj\xonekey\sources\xonekey\win32\xonekey\release\xonekey32.pdb
f:\xone_prj\xonekey\sources\xonekey\win32\xonekey\xonekey\release\xonekey.res
f:\xone_prj\xonekey\sources\xonekey\win32\xonekey\xonekey\release\xonekey32.ipdb
f:\xone_prj\xonekey\sources\xonekey\win32\xonekey\xonekey\release\xonekey32.iobj
f:\xone_prj\xonekey\sources\xonekey\win32\xonekey\xonekey\release\xonekey.tlog\cl.command.1.tlog
f:\xone_prj\xonekey\sources\xonekey\win32\xonekey\xonekey\release\xonekey.tlog\cl.items.tlog
f:\xone_prj\xonekey\sources\xonekey\win32\xonekey\xonekey\release\xonekey.tlog\cl.read.1.tlog
f:\xone_prj\xonekey\sources\xonekey\win32\xonekey\xonekey\release\xonekey.tlog\cl.write.1.tlog
f:\xone_prj\xonekey\sources\xonekey\win32\xonekey\xonekey\release\xonekey.tlog\link.command.1.tlog
f:\xone_prj\xonekey\sources\xonekey\win32\xonekey\xonekey\release\xonekey.tlog\link.read.1.tlog
f:\xone_prj\xonekey\sources\xonekey\win32\xonekey\xonekey\release\xonekey.tlog\link.secondary.1.tlog
f:\xone_prj\xonekey\sources\xonekey\win32\xonekey\xonekey\release\xonekey.tlog\link.write.1.tlog
f:\xone_prj\xonekey\sources\xonekey\win32\xonekey\xonekey\release\xonekey.tlog\rc.command.1.tlog
f:\xone_prj\xonekey\sources\xonekey\win32\xonekey\xonekey\release\xonekey.tlog\rc.read.1.tlog
f:\xone_prj\xonekey\sources\xonekey\win32\xonekey\xonekey\release\xonekey.tlog\rc.write.1.tlog
